<!DOCTYPE html>
{% load static %}
<html>
<head>
	<title>GOLDENROD</title>

	<meta name="viewport" content="width=device-width, initial-scale=1, maximum-scale=1, minimum-scale=1" />

	<link rel="stylesheet" href="https://stackpath.bootstrapcdn.com/bootstrap/4.4.1/css/bootstrap.min.css" integrity="sha384-Vkoo8x4CGsO3+Hhxv8T/Q5PaXtkKtu6ug5TOeNV6gBiFeWPGFN9MuhOf23Q9Ifjh" crossorigin="anonymous">

	<link rel="stylesheet" type="text/css" href="{% static 'css/main.css' %}">

	<script type="text/javascript">
		var user = '{{request.user}}'

		function getToken(name) {
		    var cookieValue = null;
		    if (document.cookie && document.cookie !== '') {
		        var cookies = document.cookie.split(';');
		        for (var i = 0; i < cookies.length; i++) {
		            var cookie = cookies[i].trim();
		            // Does this cookie string begin with the name we want?
		            if (cookie.substring(0, name.length + 1) === (name + '=')) {
		                cookieValue = decodeURIComponent(cookie.substring(name.length + 1));
		                break;
		            }
		        }
		    }
		    return cookieValue;
		}
		var csrftoken = getToken('csrftoken')

		function getCookie(name) {
		    // Split cookie string and get all individual name=value pairs in an array
		    var cookieArr = document.cookie.split(";");

		    // Loop through the array elements
		    for(var i = 0; i < cookieArr.length; i++) {
		        var cookiePair = cookieArr[i].split("=");

		        /* Removing whitespace at the beginning of the cookie name
		        and compare it with the given string */
		        if(name == cookiePair[0].trim()) {
		            // Decode the cookie value and return
		            return decodeURIComponent(cookiePair[1]);
		        }
		    }

		    // Return null if not found
		    return null;
		}
		var cart = JSON.parse(getCookie('cart'))

		if (cart == undefined){
			cart = {}
			console.log('Cart Created!', cart)
			document.cookie ='cart=' + JSON.stringify(cart) + ";domain=;path=/"
		}
		console.log('Cart:', cart)
	
	</script>

</head>
<body>


	<nav class="navbar navbar-expand-md">
        <div id="mySidebar" class="sidebar">
            <a href="javascript:void(0)" class="closebtn" onclick="closeNav()">&times;</a>
            <a href="#" class="navbar-brand">
                <h2 class="text-center">GOLDENROD <br> FOODS </h>

            </a>
            <a href="#">Home</a>
            <a href="/accounts/register/">Sign Up</a>
            <a href="#">Contact</a>

            <a href="/admin/login/">Admin</a>

            {% if user.is_authenticated %}

            <a href="#" class="dropdown-toggle btn btn-default" data-toggle="dropdown" role="button"
                aria-expanded="false">Account
                <span class="caret"></span>
            </a>
            <ul class="dropdown-menu" role="menu">
                <li>
                    <a href="{%url 'store'%}">Home</a>
                </li>
                <li>
                    <a href="/accounts/password/change">Change Password</a>
                </li>
                <li>
                    <a href="/logout">Logout</a>
                </li>

            </ul>


            {% else %}
            <a class='btn btn-default' href="/accounts/login">Login</a>


            {% endif %}
        </div>

        <div id="main">
            <button class="openbtn" onclick="openNav()">&#9776;Navigate </button>

        </div>


        <div class="collapse navbar-collapse justify-content-between" id="navbarCollapse">
            <div class="navbar-nav">

            </div>
            <form class="form-inline">
                <a class="navbar-brand" href="">
                    <h2>GOLDENROD <br> FOODS</h2>
                </a>
      
            </form>
			<div class="form-inline my-2 my-lg-0" class="navbar-nav" >
				<a href="#"class="btn btn-warning">Login</a>
				
				<a href="{% url 'cart' %}">
				   <img  id="cart-icon" src="{% static 'images/cart.png' %}">
			   </a>
			   <p id="cart-total">{{cartItems}}</p>
   
		   </div>
        </div>
    </nav>



     <div class="container">
            <br>
            {% block content %}


            {% endblock content %}
         </div>


	<script src="https://code.jquery.com/jquery-3.4.1.slim.min.js" integrity="sha384-J6qa4849blE2+poT4WnyKhv5vZF5SrPo0iEjwBvKU7imGFAV0wwj1yYfoRSJoZ+n" crossorigin="anonymous"></script>

	<script src="https://cdn.jsdelivr.net/npm/popper.js@1.16.0/dist/umd/popper.min.js" integrity="sha384-Q6E9RHvbIyZFJoft+2mJbHaEWldlvI9IOYy5n3zV9zzTtmI3UksdQRVvoxMfooAo" crossorigin="anonymous"></script>

	<script src="https://stackpath.bootstrapcdn.com/bootstrap/4.4.1/js/bootstrap.min.js" integrity="sha384-wfSDF2E50Y2D1uUdj0O3uMBJnjuUD4Ih7YwaYd1iqfktj0Uod8GCExl3Og8ifwB6" crossorigin="anonymous"></script>

	<script type="text/javascript" src="{% static 'js/cart.js' %}"></script>
</body>
</html>
